{"logTime": "0830/125125", "correlationVector":"w6/5ZvWv6jJpORJ89ns0SC.1","action":"SyncServerConnectionManagerRequest", "result":"SYNC_SERVER_OK", "context":{"environment":"Prod_southindia_prod-s01-004-apac-southindia", "migrationStage":"NotStarted", "server":"akswtt10700001f"}}
{"logTime": "0830/125125", "correlationVector":"w6/5ZvWv6jJpORJ89ns0SC.2","action":"ProcessGetUpdates", "result":"Done", "context":{"dataType":"Encryption Keys", "deleted":"0", "process_failed_to_decrypt":"0", "process_pending_decryption":"0", "process_success":"1", "total":"1"}}
{"logTime": "0830/125126", "correlationVector":"Uu29k/VaYALPBr1OyvdQ5o","action":"SyncServerConnectionManagerRequest", "result":"SYNC_SERVER_OK", "context":{"environment":"", "migrationStage":"", "server":""}}
{"logTime": "0830/125126", "correlationVector":"Uu29k/VaYALPBr1OyvdQ5o.0","action":"EncryptionKeysFetcher.DownloadKeys:", "result":"Success", "context":Key count: 8, Last key timestamp: 2026-08-14T22:27:29Z}
{"logTime": "0830/125127", "correlationVector":"Uu29k/VaYALPBr1OyvdQ5o.1","action":"EncryptionKeysManager::SetEncryptionKeys:", "result":"Success", "context":Key names[8]:[cUP4L0iztDdg9dWsKe3VGd+ef0I5HxKKM5WaVMgq4ppS6n9XFx2gKF87xyOnzR1jyKmqu0MFh71kvTiUimrwSQ==][1rWvg4Wq1Kq/Sp+ybYlmVoT4QfSsU9X96f1LWDzPelZXjiRHJLP3d72w6/8huqvs0NfJm/ckQQ2ajhclxusibg==][TWCrGZZhx80mMUnLob2GjUUsHWSYuk4YMGrSmSXJxX+G5+gavopOJ981GrotbcvUsoiUD4HSfMjwrk1q2rE4TA==][LvXpwb2Bt5KMVJ8TVlS/JzuKHLaKqAjs18Hem6bolbikeKYGCExn8pdY5QTLvXl9cC4RdPEhLaBU43CfG0RmkA==][jt0nJBuQku+xP1pGge1N9cQ+GZjogzuxe7+3yKshmR+EtUqkgU0qoOqu9hEV8aQt1vL75h6ypDv4YexvXek9cg==][npS4w7uOtaLrfOzbXcwyQYpEkF19JdY7xEqUBrRHkVxooJpGXzhx40tDhA5cSn3K9OlgKFokag1RoA/rKdDjhA==][3abqH7qNzULwDuZqIFR/LzcUGhaS/UCMnmiGjpCRbC5YHh0c16FnE1GzBUeNL4+Vo5l0S6J4yZ7h/aFLQYXjzw==][wymIGI8GGWyEwyUgBHdgHDjMlvHuSBkqfTo1UdJ07kVxVF/0/MZqCdHvmPdYvd1a4who2u3NquClY9JxImowgA==]}
{"logTime": "0830/125127", "correlationVector":"Uu29k/VaYALPBr1OyvdQ5o.2","action":"EncryptionKeysManager::SetEncryptionKeysWithTimestamps:", "result":"Success", "context":Key timestamps[8]:[2023-12-03T07:57:46Z][2024-01-20T12:23:47Z][2024-07-19T15:27:10Z][2025-02-22T12:54:42Z][2025-07-13T21:12:00Z][2025-09-07T06:13:27Z][2026-02-14T17:31:40Z][2026-08-14T22:27:29Z]}
{"logTime": "0830/125127", "correlationVector":"w6/5ZvWv6jJpORJ89ns0SC","action":"Initial GetUpdates", "result":"", "context":Reason: NEW_CLIENT. cV=w6/5ZvWv6jJpORJ89ns0SC}
{"logTime": "0830/125127", "correlationVector":"w6/5ZvWv6jJpORJ89ns0SC.3","action":"GetUpdates Response", "result":"Success", "context":Received 1 update(s). cV=w6/5ZvWv6jJpORJ89ns0SC.0;server=akswtt10700001f;cloudType=Consumer;environment=Prod_southindia_prod-s01-004-apac-southindia;migrationStage=NotStarted}
{"logTime": "0830/125127", "correlationVector":"vzlPMvqQQaaF2iP7F2psxZ","action":"Initial GetUpdates", "result":"", "context":Reason: NEWLY_SUPPORTED_DATATYPE. cV=vzlPMvqQQaaF2iP7F2psxZ}
{"logTime": "0830/125128", "correlationVector":"vzlPMvqQQaaF2iP7F2psxZ.1","action":"SyncServerConnectionManagerRequest", "result":"SYNC_SERVER_OK", "context":{"environment":"Prod_southindia_prod-s01-004-apac-southindia", "migrationStage":"NotStarted", "server":"akswtt107000006"}}
{"logTime": "0830/125128", "correlationVector":"vzlPMvqQQaaF2iP7F2psxZ.2","action":"ProcessGetUpdates", "result":"Done", "context":{"dataType":"Passwords", "deleted":"1", "process_failed_to_decrypt":"0", "process_pending_decryption":"0", "process_success":"13", "total":"13"}}
{"logTime": "0830/125128", "correlationVector":"vzlPMvqQQaaF2iP7F2psxZ.3","action":"ProcessGetUpdates", "result":"Done", "context":{"dataType":"Device Info", "deleted":"0", "process_failed_to_decrypt":"0", "process_pending_decryption":"0", "process_success":"5", "total":"5"}}
{"logTime": "0830/125128", "correlationVector":"vzlPMvqQQaaF2iP7F2psxZ.4","action":"GetUpdates Response", "result":"Success", "context":Received 18 update(s). cV=vzlPMvqQQaaF2iP7F2psxZ.0;server=akswtt107000006;cloudType=Consumer;environment=Prod_southindia_prod-s01-004-apac-southindia;migrationStage=NotStarted}
{"logTime": "0830/125129", "correlationVector":"C2pbqw4tvg/FMaC4JK908g","action":"Initial GetUpdates", "result":"", "context":Reason: NEWLY_SUPPORTED_DATATYPE. cV=C2pbqw4tvg/FMaC4JK908g}
{"logTime": "0830/125130", "correlationVector":"C2pbqw4tvg/FMaC4JK908g.1","action":"SyncServerConnectionManagerRequest", "result":"SYNC_SERVER_OK", "context":{"environment":"Prod_southindia_prod-s01-004-apac-southindia", "migrationStage":"NotStarted", "server":"akswtt10700000q"}}
{"logTime": "0830/125130", "correlationVector":"C2pbqw4tvg/FMaC4JK908g.2","action":"ProcessGetUpdates", "result":"Done", "context":{"dataType":"Bookmarks", "deleted":"0", "process_failed_to_decrypt":"0", "process_pending_decryption":"0", "process_success":"19", "total":"19"}}
{"logTime": "0830/125130", "correlationVector":"C2pbqw4tvg/FMaC4JK908g.3","action":"ProcessGetUpdates", "result":"Done", "context":{"dataType":"Preferences", "deleted":"3", "process_failed_to_decrypt":"0", "process_pending_decryption":"0", "process_success":"58", "total":"58"}}
{"logTime": "0830/125130", "correlationVector":"C2pbqw4tvg/FMaC4JK908g.4","action":"ProcessGetUpdates", "result":"Done", "context":{"dataType":"Autofill Profiles", "deleted":"1", "process_failed_to_decrypt":"0", "process_pending_decryption":"0", "process_success":"6", "total":"6"}}
{"logTime": "0830/125130", "correlationVector":"C2pbqw4tvg/FMaC4JK908g.5","action":"ProcessGetUpdates", "result":"Done", "context":{"dataType":"Autofill", "deleted":"0", "process_failed_to_decrypt":"0", "process_pending_decryption":"0", "process_success":"87", "total":"87"}}
{"logTime": "0830/125130", "correlationVector":"C2pbqw4tvg/FMaC4JK908g.6","action":"ProcessGetUpdates", "result":"Done", "context":{"dataType":"Extensions", "deleted":"1", "process_failed_to_decrypt":"0", "process_pending_decryption":"0", "process_success":"2", "total":"2"}}
{"logTime": "0830/125130", "correlationVector":"C2pbqw4tvg/FMaC4JK908g.7","action":"ProcessGetUpdates", "result":"Done", "context":{"dataType":"Sessions", "deleted":"73", "process_failed_to_decrypt":"0", "process_pending_decryption":"0", "process_success":"73", "total":"73"}}
{"logTime": "0830/125130", "correlationVector":"C2pbqw4tvg/FMaC4JK908g.8","action":"ProcessGetUpdates", "result":"Done", "context":{"dataType":"Web Apps", "deleted":"0", "process_failed_to_decrypt":"0", "process_pending_decryption":"0", "process_success":"1", "total":"1"}}
{"logTime": "0830/125130", "correlationVector":"C2pbqw4tvg/FMaC4JK908g.9","action":"ProcessGetUpdates", "result":"Done", "context":{"dataType":"Saved Tab Group", "deleted":"0", "process_failed_to_decrypt":"0", "process_pending_decryption":"0", "process_success":"2", "total":"2"}}
{"logTime": "0830/125130", "correlationVector":"C2pbqw4tvg/FMaC4JK908g.10","action":"ProcessGetUpdates", "result":"Done", "context":{"dataType":"Edge Hub App Usage", "deleted":"0", "process_failed_to_decrypt":"0", "process_pending_decryption":"0", "process_success":"2", "total":"2"}}
{"logTime": "0830/125130", "correlationVector":"C2pbqw4tvg/FMaC4JK908g.11","action":"GetUpdates Response", "result":"Success", "context":Received 250 update(s). cV=C2pbqw4tvg/FMaC4JK908g.0;server=akswtt10700000q;cloudType=Consumer;environment=Prod_southindia_prod-s01-004-apac-southindia;migrationStage=NotStarted Some updates remain.}
{"logTime": "0830/125130", "correlationVector":"QiPpYCll1td3HDIpTWKlJY","action":"Initial GetUpdates", "result":"", "context":Reason: NEWLY_SUPPORTED_DATATYPE. cV=QiPpYCll1td3HDIpTWKlJY}
{"logTime": "0830/125131", "correlationVector":"QiPpYCll1td3HDIpTWKlJY.1","action":"SyncServerConnectionManagerRequest", "result":"SYNC_SERVER_OK", "context":{"environment":"Prod_southindia_prod-s01-004-apac-southindia", "migrationStage":"NotStarted", "server":"akswtt10700000r"}}
{"logTime": "0830/125131", "correlationVector":"QiPpYCll1td3HDIpTWKlJY.2","action":"ProcessGetUpdates", "result":"Done", "context":{"dataType":"Preferences", "deleted":"0", "process_failed_to_decrypt":"0", "process_pending_decryption":"0", "process_success":"10", "total":"10"}}
{"logTime": "0830/125131", "correlationVector":"QiPpYCll1td3HDIpTWKlJY.3","action":"ProcessGetUpdates", "result":"Done", "context":{"dataType":"Autofill Profiles", "deleted":"0", "process_failed_to_decrypt":"0", "process_pending_decryption":"0", "process_success":"3", "total":"3"}}
{"logTime": "0830/125131", "correlationVector":"QiPpYCll1td3HDIpTWKlJY.4","action":"ProcessGetUpdates", "result":"Done", "context":{"dataType":"Autofill", "deleted":"0", "process_failed_to_decrypt":"0", "process_pending_decryption":"0", "process_success":"71", "total":"71"}}
{"logTime": "0830/125131", "correlationVector":"QiPpYCll1td3HDIpTWKlJY.5","action":"ProcessGetUpdates", "result":"Done", "context":{"dataType":"Extensions", "deleted":"0", "process_failed_to_decrypt":"0", "process_pending_decryption":"0", "process_success":"1", "total":"1"}}
{"logTime": "0830/125131", "correlationVector":"QiPpYCll1td3HDIpTWKlJY.6","action":"ProcessGetUpdates", "result":"Done", "context":{"dataType":"Sessions", "deleted":"125", "process_failed_to_decrypt":"0", "process_pending_decryption":"0", "process_success":"128", "total":"128"}}
{"logTime": "0830/125131", "correlationVector":"QiPpYCll1td3HDIpTWKlJY.7","action":"GetUpdates Response", "result":"Success", "context":Received 213 update(s). cV=QiPpYCll1td3HDIpTWKlJY.0;server=akswtt10700000r;cloudType=Consumer;environment=Prod_southindia_prod-s01-004-apac-southindia;migrationStage=NotStarted}
{"logTime": "0830/125131", "correlationVector":"aeqNSmz6cftOBugfjdYtVD","action":"Initial GetUpdates", "result":"", "context":Reason: NEWLY_SUPPORTED_DATATYPE. cV=aeqNSmz6cftOBugfjdYtVD}
{"logTime": "0830/125139", "correlationVector":"aeqNSmz6cftOBugfjdYtVD.1","action":"SyncServerConnectionManagerRequest", "result":"SYNC_SERVER_OK", "context":{"environment":"Prod_southindia_prod-s01-004-apac-southindia", "migrationStage":"NotStarted", "server":"akswtt10700001f"}}
{"logTime": "0830/125139", "correlationVector":"aeqNSmz6cftOBugfjdYtVD.2","action":"ProcessGetUpdates", "result":"Done", "context":{"dataType":"History", "deleted":"0", "process_failed_to_decrypt":"0", "process_pending_decryption":"0", "process_success":"250", "total":"250"}}
{"logTime": "0830/125139", "correlationVector":"aeqNSmz6cftOBugfjdYtVD.3","action":"GetUpdates Response", "result":"Success", "context":Received 250 update(s). cV=aeqNSmz6cftOBugfjdYtVD.0;server=akswtt10700001f;cloudType=Consumer;environment=Prod_southindia_prod-s01-004-apac-southindia;migrationStage=NotStarted Some updates remain.}
{"logTime": "0830/125139", "correlationVector":"r648rC7WjxJ3z4Kw998KjW","action":"Initial GetUpdates", "result":"", "context":Reason: NEWLY_SUPPORTED_DATATYPE. cV=r648rC7WjxJ3z4Kw998KjW}
{"logTime": "0830/125141", "correlationVector":"r648rC7WjxJ3z4Kw998KjW.1","action":"SyncServerConnectionManagerRequest", "result":"SYNC_SERVER_OK", "context":{"environment":"Prod_southindia_prod-s01-004-apac-southindia", "migrationStage":"NotStarted", "server":"akswtt10700002u"}}
{"logTime": "0830/125141", "correlationVector":"r648rC7WjxJ3z4Kw998KjW.2","action":"ProcessGetUpdates", "result":"Done", "context":{"dataType":"History", "deleted":"0", "process_failed_to_decrypt":"0", "process_pending_decryption":"0", "process_success":"250", "total":"250"}}
{"logTime": "0830/125141", "correlationVector":"r648rC7WjxJ3z4Kw998KjW.3","action":"GetUpdates Response", "result":"Success", "context":Received 250 update(s). cV=r648rC7WjxJ3z4Kw998KjW.0;server=akswtt10700002u;cloudType=Consumer;environment=Prod_southindia_prod-s01-004-apac-southindia;migrationStage=NotStarted Some updates remain.}
{"logTime": "0830/125141", "correlationVector":"GoWrZ12EnX6dpVu01Bw3s0","action":"Initial GetUpdates", "result":"", "context":Reason: NEWLY_SUPPORTED_DATATYPE. cV=GoWrZ12EnX6dpVu01Bw3s0}
{"logTime": "0830/125143", "correlationVector":"GoWrZ12EnX6dpVu01Bw3s0","action":"SyncServerConnectionManagerRequest", "result":"CONNECTION_UNAVAILABLE", "context":{"error_type":"net_error_code", "error_value":"-3"}}
